<testsuites id="" name="" tests="10" failures="0" skipped="0" errors="0" time="3.505645">
<testsuite name="auth.spec.ts" timestamp="2025-06-21T10:54:09.596Z" hostname="chromium" tests="10" failures="0" skipped="0" time="8.723" errors="0">
<testcase name="Authentication UI (Simplified) › should display login page correctly" classname="auth.spec.ts" time="1.124">
</testcase>
<testcase name="Authentication UI (Simplified) › should display login form elements" classname="auth.spec.ts" time="1.14">
</testcase>
<testcase name="Authentication UI (Simplified) › should handle form validation" classname="auth.spec.ts" time="0.796">
</testcase>
<testcase name="Authentication UI (Simplified) › should accept form input" classname="auth.spec.ts" time="0.805">
</testcase>
<testcase name="Authentication UI (Simplified) › should handle form submission" classname="auth.spec.ts" time="2.054">
</testcase>
<testcase name="Authentication UI (Simplified) › should be responsive on mobile" classname="auth.spec.ts" time="0.802">
</testcase>
<testcase name="Authentication UI (Simplified) › should display SecMan branding" classname="auth.spec.ts" time="0.524">
</testcase>
<testcase name="Authentication UI (Simplified) › should have proper form accessibility" classname="auth.spec.ts" time="0.625">
</testcase>
<testcase name="Authentication UI (Simplified) › should handle keyboard navigation" classname="auth.spec.ts" time="0.519">
</testcase>
<testcase name="Authentication UI (Simplified) › should show proper page title" classname="auth.spec.ts" time="0.334">
</testcase>
</testsuite>
</testsuites>